// Jest Snapshot v1, https://goo.gl/fbAQLP

exports[` 1`] = `
<View
  accessibilityState={
    {
      "busy": undefined,
      "checked": undefined,
      "disabled": undefined,
      "expanded": undefined,
      "selected": undefined,
    }
  }
  accessibilityValue={
    {
      "max": undefined,
      "min": undefined,
      "now": undefined,
      "text": undefined,
    }
  }
  accessible={true}
  collapsable={false}
  focusable={false}
  onClick={[Function]}
  onResponderGrant={[Function]}
  onResponderMove={[Function]}
  onResponderRelease={[Function]}
  onResponderTerminate={[Function]}
  onResponderTerminationRequest={[Function]}
  onStartShouldSetResponder={[Function]}
  style={
    {
      "alignContent": "center",
      "alignItems": "center",
      "alignSelf": "center",
      "backgroundColor": "#be2945",
      "borderRadius": 50,
      "flex": 1,
      "justifyContent": "center",
      "marginBottom": 20,
      "marginTop": 20,
      "opacity": 1,
      "width": 550,
    }
  }
>
  <Text
    style={
      {
        "color": "#fff",
        "fontSize": 20,
        "fontWeight": "bold",
        "marginBottom": 10,
        "textAlign": "center",
      }
    }
  >
    Login
  </Text>
</View>
`;
